"<table class=\"divide-y divide-gray-200 table-fixed min-w-full\">\n  <thead class=\"bg-gray-100\">\n    <tr>\n        <th>\n            Wins\n        </th>\n        <th>\n            Losses\n        </th>\n        <th>\n            GB\n        </th>\n    </tr>\n  </thead>\n  <tbody class=\"bg-white divide-y divide-gray-200\">\n    <tr class=\"text-right font-medium text-gray-500\">\n      <td>\n    10\n      </td><td>\n    2\n      </td><td>\n    0\n      </td>\n    </tr><tr class=\"text-right font-medium text-gray-500\">\n      <td>\n    8\n      </td><td>\n    4\n      </td><td>\n    2\n      </td>\n    </tr><tr class=\"text-right font-medium text-gray-500\">\n      <td>\n    3\n      </td><td>\n    7\n      </td><td>\n    7\n      </td>\n    </tr>\n  </tbody>\n</table>\n"